============================= test session starts =============================
platform win32 -- Python 3.13.0, pytest-9.0.2, pluggy-1.6.0
rootdir: C:\Users\vivek\OneDrive\Desktop\Projects\assignment
plugins: anyio-4.7.0
collected 0 items / 1 error

=================================== ERRORS ====================================
_________________ ERROR collecting backend/tests/test_auth.py _________________
ImportError while importing test module 'C:\Users\vivek\OneDrive\Desktop\Projects\assignment\backend\tests\test_auth.py'.
Hint: make sure your test modules/packages have valid Python names.
Traceback:
..\..\..\..\AppData\Local\Programs\Python\Python313\Lib\importlib\__init__.py:88: in import_module
    return _bootstrap._gcd_import(name[level:], package, level)
           ^^^^^^^^^^^^^^^^^^^^^^^^^^^^^^^^^^^^^^^^^^^^^^^^^^^^
backend\tests\test_auth.py:2: in <module>
    from backend.main import app
E   ModuleNotFoundError: No module named 'backend'
=========================== short test summary info ===========================
ERROR backend/tests/test_auth.py
!!!!!!!!!!!!!!!!!!! Interrupted: 1 error during collection !!!!!!!!!!!!!!!!!!!!
============================== 1 error in 0.97s ===============================
